board vintage 63076e2e2bbfbbe5c29fb41265966ac1b8aaa180b3e89ee7742388fcc19d98ad
upstream ECR blob e270d790165a6c304e5854145332fe9da3caacab3a61e1efea280b57cc5db9a5  (D89 pin a966176d2966591c4986833aefafb4c74e86f848ca1ba708f43e6a9e79e29525)
seasons (2021, 2022, 2023, 2024, 2025)  slots (1, 4, 7, 10)  objective season_long
arms ('Y1', 'T1_ALL_w25', 'T1_ALL_w50', 'T1_ALL_w75', 'T1_ALL_w100', 'T1_SKILL_w100', 'T2_w25', 'T2_w50', 'T2_w75', 'T2_w100', 'ECR_ALONE', 'ECR_ALONE_NAIVE', 'ORACLE_Y1')  mode phase0

  phase0 ties target_league 2021 done
  phase0 ties target_league 2022 done
  phase0 ties target_league 2023 done
  phase0 ties target_league 2024 done
  phase0 ties target_league 2025 done
  phase0 ties dynasty_1qb 2021 done
  phase0 ties dynasty_1qb 2022 done
  phase0 ties dynasty_1qb 2023 done
  phase0 ties dynasty_1qb 2024 done
  phase0 ties dynasty_1qb 2025 done

==================================================================================================
PHASE 0 -- ECR availability, vintage and the integration audit
==================================================================================================

  board vintage (projection board): 63076e2e2bbfbbe5c29fb41265966ac1b8aaa180b3e89ee7742388fcc19d98ad
  upstream ECR blob sha256:         e270d790165a6c304e5854145332fe9da3caacab3a61e1efea280b57cc5db9a5
  D89-pinned ECR blob sha256:       a966176d2966591c4986833aefafb4c74e86f848ca1ba708f43e6a9e79e29525

  league          season                series  board  ranked   cov%                     scrapes
  target_league     2021    ro/redraft-overall    636     490 77.0%  2021-07-02..2021-08-27
  target_league     2022    ro/redraft-overall    651     496 76.2%  2022-07-01..2022-08-26
  target_league     2023    ro/redraft-overall    610     484 79.3%  2023-07-07..2023-08-25
  target_league     2024    ro/redraft-overall    602     515 85.5%  2024-07-05..2024-08-30
  target_league     2025    ro/redraft-overall    629     480 76.3%  2025-07-04..2025-08-29
  dynasty_1qb       2021    do/dynasty-overall    636     459 72.2%  2021-07-02..2021-08-27
  dynasty_1qb       2022    do/dynasty-overall    651     466 71.6%  2022-07-01..2022-08-26
  dynasty_1qb       2023    do/dynasty-overall    610     471 77.2%  2023-07-07..2023-08-25
  dynasty_1qb       2024    do/dynasty-overall    602     471 78.2%  2024-07-05..2024-08-30
  dynasty_1qb       2025    do/dynasty-overall    629     444 70.6%  2025-07-04..2025-08-29

  ECR coverage by position (covered/total on the draft board)
  league          season         QB         RB         WR         TE          K        DST
  target_league     2021  47/70       128/149      169/225      78/115      36/45       32/32     
  target_league     2022  45/75       132/151      168/226      82/120      37/47       32/32     
  target_league     2023  54/74       128/141      158/206      76/113      36/44       32/32     
  target_league     2024  62/70       124/137      179/211      88/113      31/39       31/32     
  target_league     2025  57/73       120/136      161/221      80/124      30/43       32/32     
  dynasty_1qb       2021  51/70       118/149      157/225      69/115      32/45       32/32     
  dynasty_1qb       2022  46/75       127/151      158/226      74/120      29/47       32/32     
  dynasty_1qb       2023  51/74       118/141      161/206      74/113      35/44       32/32     
  dynasty_1qb       2024  65/70       106/137      161/211      75/113      32/39       32/32     
  dynasty_1qb       2025  61/73       104/136      145/221      71/124      31/43       32/32     

  M3 (ECR as an exact-tie-breaker) is a MEASURED NO-OP: the top decision score is exactly tied in
    0 of 640 real pick states (0.00%).
