board vintage 63076e2e2bbfbbe5c29fb41265966ac1b8aaa180b3e89ee7742388fcc19d98ad
upstream ECR blob e270d790165a6c304e5854145332fe9da3caacab3a61e1efea280b57cc5db9a5  (D89 pin a966176d2966591c4986833aefafb4c74e86f848ca1ba708f43e6a9e79e29525)
seasons (2021, 2022, 2023, 2024, 2025)  slots (1, 4, 7, 10)  objective season_long
arms ('Y1', 'T1_ALL_w25', 'T1_ALL_w50', 'T1_ALL_w75', 'T1_ALL_w100', 'T1_SKILL_w100', 'T2_w25', 'T2_w50', 'T2_w75', 'T2_w100', 'ECR_ALONE', 'ECR_ALONE_NAIVE', 'ORACLE_Y1')  mode value

  value target_league 2021 done
  value target_league 2022 done
  value target_league 2023 done
  value target_league 2024 done
  value target_league 2025 done
  value dynasty_1qb 2021 done
  value dynasty_1qb 2022 done
  value dynasty_1qb 2023 done
  value dynasty_1qb 2024 done
  value dynasty_1qb 2025 done

==================================================================================================
PRIMARY -- realized whole-draft starter points
==================================================================================================

  target_league   (n = 20 drafts per arm)
    Y1                  2002.9  <- CONTROL
    T1_ALL_w25          2041.0
    T1_ALL_w50          2024.2  <- PRIMARY TREATMENT
    T1_ALL_w75          2052.0
    T1_ALL_w100         2087.0
    T1_SKILL_w100       2082.2
    T2_w25              2098.5
    T2_w50              2083.0  <- PRIMARY TREATMENT
    T2_w75              2035.0
    T2_w100             1793.4
    ECR_ALONE           2034.5  <- independent benchmark
    ECR_ALONE_NAIVE     1793.4  <- independent benchmark
    ORACLE_Y1           2775.3  <- hindsight ceiling, NOT achievable

       T1_ALL_w25 - Y1
           +38.1   95% CI [-45.8, +122.0]   t=  1.26   seasons 2W/0T/3L   MDE(80%)  112.3
       by season: 2021:-5  2022:-1  2023:-22  2024:+134  2025:+84

    ** T1_ALL_w50 - Y1
           +21.4   95% CI [-100.3, +143.0]   t=  0.49   seasons 3W/0T/2L   MDE(80%)  162.9
       by season: 2021:-122  2022:+21  2023:-2  2024:+146  2025:+63
       against D97's floor (172-250 pts): BELOW the floor -> UNRESOLVED

       T1_ALL_w75 - Y1
           +49.1   95% CI [-58.2, +156.4]   t=  1.27   seasons 3W/0T/2L   MDE(80%)  143.6
       by season: 2021:-10  2022:+157  2023:-36  2024:+126  2025:+10

       T1_ALL_w100 - Y1
           +84.2   95% CI [-6.4, +174.7]   t=  2.58   seasons 5W/0T/0L   MDE(80%)  121.3
       by season: 2021:+85  2022:+182  2023:+4  2024:+24  2025:+125

       T1_SKILL_w100 - Y1
           +79.4   95% CI [-27.4, +186.2]   t=  2.06   seasons 4W/0T/1L   MDE(80%)  143.0
       by season: 2021:+85  2022:+195  2023:-22  2024:+16  2025:+123

       T2_w25 - Y1
           +95.7   95% CI [-23.5, +214.8]   t=  2.23   seasons 5W/0T/0L   MDE(80%)  159.5
       by season: 2021:+3  2022:+247  2023:+24  2024:+112  2025:+92

    ** T2_w50 - Y1
           +80.1   95% CI [-23.9, +184.2]   t=  2.14   seasons 4W/0T/1L   MDE(80%)  139.4
       by season: 2021:-30  2022:+132  2023:+46  2024:+189  2025:+63
       against D97's floor (172-250 pts): BELOW the floor -> UNRESOLVED

       T2_w75 - Y1
           +32.1   95% CI [-150.4, +214.6]   t=  0.49   seasons 3W/0T/2L   MDE(80%)  244.4
       by season: 2021:-90  2022:+91  2023:-151  2024:+111  2025:+200

       T2_w100 - Y1
          -209.5   95% CI [-428.4, +9.4]   t= -2.66   seasons 0W/0T/5L   MDE(80%)  293.1
       by season: 2021:-119  2022:-243  2023:-496  2024:-36  2025:-154

       ECR_ALONE - Y1
           +31.6   95% CI [-168.9, +232.1]   t=  0.44   seasons 4W/0T/1L   MDE(80%)  268.4
       by season: 2021:+146  2022:+41  2023:-245  2024:+148  2025:+67

       ECR_ALONE_NAIVE - Y1
          -209.5   95% CI [-428.4, +9.4]   t= -2.66   seasons 0W/0T/5L   MDE(80%)  293.1
       by season: 2021:-119  2022:-243  2023:-496  2024:-36  2025:-154

       ORACLE_Y1 - Y1
          +772.4   95% CI [+574.3, +970.6]   t= 10.82   seasons 5W/0T/0L   MDE(80%)  265.3
       by season: 2021:+915  2022:+660  2023:+552  2024:+900  2025:+835


  dynasty_1qb   (n = 20 drafts per arm)
    Y1                  2061.5  <- CONTROL
    T1_ALL_w25          2100.1
    T1_ALL_w50          2150.3  <- PRIMARY TREATMENT
    T1_ALL_w75          2106.3
    T1_ALL_w100         1974.2
    T1_SKILL_w100       1986.5
    T2_w25              2164.4
    T2_w50              2133.5  <- PRIMARY TREATMENT
    T2_w75              1966.9
    T2_w100             1785.7
    ECR_ALONE           2001.0  <- independent benchmark
    ECR_ALONE_NAIVE     1785.7  <- independent benchmark
    ORACLE_Y1           2832.5  <- hindsight ceiling, NOT achievable

       T1_ALL_w25 - Y1
           +38.7   95% CI [-82.9, +160.2]   t=  0.88   seasons 3W/0T/2L   MDE(80%)  162.7
       by season: 2021:+11  2022:-52  2023:+199  2024:+55  2025:-20

    ** T1_ALL_w50 - Y1
           +88.9   95% CI [+5.5, +172.2]   t=  2.96   seasons 5W/0T/0L   MDE(80%)  111.6
       by season: 2021:+56  2022:+20  2023:+186  2024:+128  2025:+54
       against D97's floor (172-250 pts): BELOW the floor -> UNRESOLVED

       T1_ALL_w75 - Y1
           +44.9   95% CI [-116.4, +206.1]   t=  0.77   seasons 3W/0T/2L   MDE(80%)  215.9
       by season: 2021:+225  2022:+126  2023:-97  2024:-40  2025:+11

       T1_ALL_w100 - Y1
           -87.2   95% CI [-253.4, +78.9]   t= -1.46   seasons 2W/0T/3L   MDE(80%)  222.4
       by season: 2021:+34  2022:-83  2023:-306  2024:+7  2025:-88

       T1_SKILL_w100 - Y1
           -74.9   95% CI [-268.5, +118.6]   t= -1.08   seasons 2W/0T/3L   MDE(80%)  259.1
       by season: 2021:+20  2022:-57  2023:-343  2024:+49  2025:-44

       T2_w25 - Y1
          +103.0   95% CI [-82.2, +288.1]   t=  1.54   seasons 4W/0T/1L   MDE(80%)  247.9
       by season: 2021:+63  2022:+197  2023:+298  2024:-91  2025:+50

    ** T2_w50 - Y1
           +72.1   95% CI [-248.7, +392.8]   t=  0.62   seasons 3W/0T/2L   MDE(80%)  429.5
       by season: 2021:+123  2022:+366  2023:+249  2024:-118  2025:-260
       against D97's floor (172-250 pts): BELOW the floor -> UNRESOLVED

       T2_w75 - Y1
           -94.5   95% CI [-259.1, +70.0]   t= -1.59   seasons 2W/0T/3L   MDE(80%)  220.4
       by season: 2021:+9  2022:+10  2023:-28  2024:-173  2025:-290

       T2_w100 - Y1
          -275.8   95% CI [-443.6, -107.9]   t= -4.56   seasons 0W/0T/5L   MDE(80%)  224.8
       by season: 2021:-114  2022:-210  2023:-452  2024:-231  2025:-372

       ECR_ALONE - Y1
           -60.5   95% CI [-214.4, +93.4]   t= -1.09   seasons 1W/0T/4L   MDE(80%)  206.1
       by season: 2021:+116  2022:-9  2023:-196  2024:-58  2025:-156

       ECR_ALONE_NAIVE - Y1
          -275.8   95% CI [-443.6, -107.9]   t= -4.56   seasons 0W/0T/5L   MDE(80%)  224.8
       by season: 2021:-114  2022:-210  2023:-452  2024:-231  2025:-372

       ORACLE_Y1 - Y1
          +771.0   95% CI [+600.4, +941.7]   t= 12.54   seasons 5W/0T/0L   MDE(80%)  228.5
       by season: 2021:+980  2022:+760  2023:+593  2024:+751  2025:+771

